============================= test session starts =============================
platform win32 -- Python 3.13.5, pytest-8.4.2, pluggy-1.6.0
rootdir: C:\Users\beroli\OneDrive - ORBIS SE\Dokumente\05_Data-Product\ORBIS-Modellfabrik
configfile: pyproject.toml
plugins: anyio-4.9.0, langsmith-0.4.8, html-4.1.1, metadata-3.1.1
collected 308 items / 2 errors

=================================== ERRORS ====================================
____ ERROR collecting tests_orbis/seq_ctrl/test_sequence_control_orbis.py _____
ImportError while importing test module 'C:\Users\beroli\OneDrive - ORBIS SE\Dokumente\05_Data-Product\ORBIS-Modellfabrik\tests_orbis\seq_ctrl\test_sequence_control_orbis.py'.
Hint: make sure your test modules/packages have valid Python names.
Traceback:
..\..\..\..\AppData\Local\Programs\Python\Python313\Lib\importlib\__init__.py:88: in import_module
    return _bootstrap._gcd_import(name[level:], package, level)
           ^^^^^^^^^^^^^^^^^^^^^^^^^^^^^^^^^^^^^^^^^^^^^^^^^^^^
tests_orbis\seq_ctrl\test_sequence_control_orbis.py:7: in <module>
    from src_orbis.seq_ctrl.sequence_control_orbis import WorkflowOrderManager
E   ModuleNotFoundError: No module named 'src_orbis'
________ ERROR collecting tests_orbis/test_message_template_manager.py ________
tests_orbis\test_message_template_manager.py:455: in <module>
    class TestMessageTemplateManagerIntegration(unittest.TestCase):
tests_orbis\test_message_template_manager.py:483: in TestMessageTemplateManagerIntegration
    self.manager = OMFMessageTemplateManager(self.config_file)
                                             ^^^^
E   NameError: name 'self' is not defined
=========================== short test summary info ===========================
ERROR tests_orbis/seq_ctrl/test_sequence_control_orbis.py
ERROR tests_orbis/test_message_template_manager.py - NameError: name 'self' i...
!!!!!!!!!!!!!!!!!!! Interrupted: 2 errors during collection !!!!!!!!!!!!!!!!!!!
============================== 2 errors in 0.90s ==============================
