// Jest Snapshot v1, https://goo.gl/fbAQLP

exports[`FactoryLayoutComponent should render the component 1`] = `
<ff-factory-layout
  FutureFactoryRoutes={[Function Object]}
  ModuleType={[Function Object]}
  _editable$={[Function BehaviorSubject]}
  activatedRoute={[Function ActivatedRoute]}
  defaultLayoutDialogContent={[Function TemplateRef2]}
  destroy$={[Function ReplaySubject]}
  dialog={[Function MatDialog]}
  dragStopped={[Function Function]}
  drawer={[Function MatDrawer]}
  factoryStateService={[Function StatesService]}
  gridContents$={[Function Observable]}
  gridZoomContainer={[Function ElementRef]}
  gridster={[Function GridsterComponent]}
  hasRunningOrders$={[Function Observable]}
  isValidLayout$={[Function Observable]}
  layoutEditor={[Function LayoutEditorService]}
  mqtt={[Function TypedMqttService]}
  offlineModules={[Function Map]}
  options={[Function Object]}
  orderStatesService={[Function OrderStatesService]}
  routeToRoot$={[Function AnonymousSubject]}
  router={[Function Router]}
  width$={[Function BehaviorSubject]}
  widthScaleStyle$={[Function Observable]}
  zone={[Function NgZone]}
  zoomScale$={[Function BehaviorSubject]}
>
  <div
    id="layout-configuration"
  >
    <button
      aria-label="Vergrößern"
      class="mat-focus-indicator mat-tooltip-trigger mat-raised-button mat-button-base _mat-animation-noopable"
      mat-raised-button=""
    >
      <span
        class="mat-button-wrapper"
      >
        <mat-icon
          aria-hidden="true"
          class="mat-icon notranslate material-icons mat-icon-no-color"
          data-mat-icon-type="font"
          role="img"
        >
          zoom_in
        </mat-icon>
      </span>
      <span
        class="mat-ripple mat-button-ripple"
        matripple=""
      />
      <span
        class="mat-button-focus-overlay"
      />
    </button>
    <button
      aria-label="Verkleinern"
      class="mat-focus-indicator mat-tooltip-trigger mat-raised-button mat-button-base _mat-animation-noopable"
      mat-raised-button=""
    >
      <span
        class="mat-button-wrapper"
      >
        <mat-icon
          aria-hidden="true"
          class="mat-icon notranslate material-icons mat-icon-no-color"
          data-mat-icon-type="font"
          role="img"
        >
          zoom_out
        </mat-icon>
      </span>
      <span
        class="mat-ripple mat-button-ripple"
        matripple=""
      />
      <span
        class="mat-button-focus-overlay"
      />
    </button>
    <mat-drawer-container
      class="mat-drawer-container example-container mat-drawer-container-explicit-backdrop"
      hasbackdrop="true"
    >
      <div
        class="mat-drawer-backdrop"
      />
      <div
        aria-hidden="true"
        class="cdk-visually-hidden cdk-focus-trap-anchor"
      />
      <mat-drawer
        class="mat-drawer ng-trigger ng-trigger-transform mat-drawer-over"
        mode="over"
        style="box-shadow:none;visibility:hidden;0:box-shadow;1:visibility;"
        tabindex="-1"
      >
        <div
          cdkscrollable=""
          class="mat-drawer-inner-container"
        >
        </div>
      </mat-drawer>
      <div
        aria-hidden="true"
        class="cdk-visually-hidden cdk-focus-trap-anchor"
      />
      <mat-drawer-content
        class="mat-drawer-content"
      >
        <div
          id="grid-zoom"
          style="transform: scale(0);"
        >
          <gridster
            class="readonly gridSize"
            style="padding: 10px 10px 10px 10px; width: 640px; height: 640px;"
          >
            <div
              class="gridster-column"
              style="transform: translateX(0px); width: 200px; height: 620px;"
            />
            <div
              class="gridster-column"
              style="transform: translateX(210px); width: 200px; height: 620px;"
            />
            <div
              class="gridster-column"
              style="transform: translateX(420px); width: 200px; height: 620px;"
            />
            <div
              class="gridster-row"
              style="transform: translateY(0px); width: 620px; height: 200px;"
            />
            <div
              class="gridster-row"
              style="transform: translateY(210px); width: 620px; height: 200px;"
            />
            <div
              class="gridster-row"
              style="transform: translateY(420px); width: 620px; height: 200px;"
            />
            <gridster-preview
              class="gridster-preview"
            />
          </gridster>
        </div>
      </mat-drawer-content>
    </mat-drawer-container>
  </div>
</ff-factory-layout>
`;
