// Jest Snapshot v1, https://goo.gl/fbAQLP

exports[`MissingControllerBannerComponent should render the component 1`] = `
<ff-missing-controller-banner
  state={[Function MissingControllerBannerState]}
>
  <div
    class="missing-controller-banner"
  >
    <h1>
      Controller for the Agile Production Simulation is not connected
    </h1>
  </div>
</ff-missing-controller-banner>
`;
